[muizzkarim10.wixsite.com/my-site.html]
[static.parastorage.com/unpkg/core-js-bundle@3.2.1/minified.js]
[static.parastorage.com/unpkg/focus-within-polyfill@5.0.9/dist/focus-within-polyfill.js]
[backblue.gif]
[fade.gif]
[index.html]
[polyfill-fastly.io/v3/polyfill.mind82c.js]
[static.wixstatic.com/media/9c608a_d3d2804ad1cf4bc1926d84fbe424cc30.jpg/v1/fill/w_288,h_148,al_c,q_80,usm_0.66_1.00_0.01,blur_2,enc_auto/9c608a_d3d2804ad1cf4bc1926d84fbe424cc30.jpg]
[muizzkarim10.wixsite.com/index.html]
[static.wixstatic.com/media/9c608a_f4f19e97fa02415b9acf898635b3b825.png/v1/fill/w_49,h_34,al_c,q_85,usm_0.66_1.00_0.01,enc_auto/9c608a_f4f19e97fa02415b9acf898635b3b825.png]
[muizzkarim10.wixsite.com/media/emptystate.85a4add5.6.delayed]
[static.wixstatic.com/media/nsplsh_42336c306736484c787238_mv2_d_5472_3648_s_4_2.jpg/v1/fill/w_230,h_153,q_90/nsplsh_42336c306736484c787238_mv2_d_5472_3648_s_4_2.jpg]
[static.wixstatic.com/media/nsplsh_9c7cac5bcc4146fdb0b7685ebfa84b8d_mv2.jpg/v1/fill/w_230,h_153,q_90/nsplsh_9c7cac5bcc4146fdb0b7685ebfa84b8d_mv2.jpg]
[static.wixstatic.com/media/f409e7_9c6f1ecba7974917a46344981f6b4fe0_mv2.jpg/v1/fill/w_156,h_156,q_90/f409e7_9c6f1ecba7974917a46344981f6b4fe0_mv2.jpg]
[static.wixstatic.com/media/f409e7_65db10388a5e4a6e9862db4194420776_mv2.jpg/v1/fill/w_304,h_156,q_90/f409e7_65db10388a5e4a6e9862db4194420776_mv2.jpg]
[static.wixstatic.com/media/f409e7_ed29240829a24ebcb13ad91fbe9517e7_mv2.jpg/v1/fill/w_480,h_314,q_90/f409e7_ed29240829a24ebcb13ad91fbe9517e7_mv2.jpg]
[static.wixstatic.com/media/f409e7_fc1bec89cae44d36af5cd8fdf293f914_mv2.jpg/v1/fill/w_480,h_294,q_90/f409e7_fc1bec89cae44d36af5cd8fdf293f914_mv2.jpg]
[static.wixstatic.com/media/f409e7_9c6f1ecba7974917a46344981f6b4fe0_mv2.jpg/v1/fill/w_211,h_211,q_90/f409e7_9c6f1ecba7974917a46344981f6b4fe0_mv2.jpg]
[static.wixstatic.com/media/f409e7_ffcf636a15894ae5a804ef97df430303_mv2.jpg/v1/fill/w_249,h_211,q_90/f409e7_ffcf636a15894ae5a804ef97df430303_mv2.jpg]
[static.wixstatic.com/media/f409e7_3d1f6f42966f41a680b7adffcb846b85_mv2.jpg/v1/fill/w_480,h_360,q_90/f409e7_3d1f6f42966f41a680b7adffcb846b85_mv2.jpg]
[static.wixstatic.com/media/9c608a_f4f19e97fa02415b9acf898635b3b825.png/v1/fill/w_49,h_34,al_c,q_85,usm_0.66_1.00_0.01,blur_3,enc_auto/9c608a_f4f19e97fa02415b9acf898635b3b825.png]
[browser.sentry-cdn.com/6.18.2/bundle.min.js]
[muizzkarim10.wixsite.com/sitemap.12.delayed]
[muizzkarim10.wixsite.com/feed.13.delayed]
[muizzkarim10.wixsite.com/${n.14.delayed]
[static.parastorage.com/services/wix-thunderbolt/dist/thunderbolt-commons.1337ed29.bundle.min.js]
[static.parastorage.com/services/wix-thunderbolt/dist/main.f0ef7e35.bundle.min.js]
[static.parastorage.com/services/wix-thunderbolt/dist/main.renderer.1d21f023.bundle.min.js]
[static.parastorage.com/unpkg/lodash@4.17.21/lodash.min.js]
[static.parastorage.com/unpkg/react@18.2.0/umd/react.production.min.js]
[static.parastorage.com/unpkg/react-dom@18.2.0/umd/react-dom.production.min.js]
[muizzkarim10.wixsite.com/decodeURIComponent(e.1b.delayed]
[static.parastorage.com/services/tag-manager-client/1.827.0/siteTags.bundle.min.js]
[muizzkarim10.wixsite.com/my-site.html]
[muizzkarim10.wixsite.com/index.html]
[muizzkarim10.wixsite.com/media/emptystate.85a4add5.html]
[muizzkarim10.wixsite.com/sitemap.html]
[muizzkarim10.wixsite.com/feed.html]
[muizzkarim10.wixsite.com/${n.html]
[muizzkarim10.wixsite.com/decodeURIComponent(e.html]
[static.parastorage.com/services/wix-perf-measure/1.1095.0/wix-perf-measure.umd.min.js]
